[gallifreycraft.space/index.html]
[backblue.gif]
[fade.gif]
[index.html]
[gallifreycraft.space/manifest.webmanifest]
[img1.wsimg.com/isteam/ip/997f5477-997e-42f4-9502-b6e82ad7ae0e/1000007483.jpg]
[gallifreycraft.space/sw.js]
[gallifreycraft.space/gallery.html]
[gallifreycraft.space/contact.html]
[gallifreycraft.space/partners.html]
[img1.wsimg.com/blobby/go/997f5477-997e-42f4-9502-b6e82ad7ae0e/gpub/8e4f90d6fa4f8dbe/script.js]
[gallifreycraft.space/index.html]
[img1.wsimg.com/blobby/go/997f5477-997e-42f4-9502-b6e82ad7ae0e/gpub/2b2562ed0f9b9df7/script.js]
[img1.wsimg.com/blobby/go/997f5477-997e-42f4-9502-b6e82ad7ae0e/gpub/3f3e7111b8280c0/script.js]
[gallifreycraft.space/gallery.html]
[img1.wsimg.com/signals/js/clients/scc-c2/scc-c2.min.js]
[img1.wsimg.com/blobby/go/997f5477-997e-42f4-9502-b6e82ad7ae0e/gpub/809662fa7543da12/script.js]
[gallifreycraft.space/contact.html]
[img1.wsimg.com/blobby/go/997f5477-997e-42f4-9502-b6e82ad7ae0e/gpub/dfa1be1394a850ed/script.js]
[img1.wsimg.com/blobby/go/997f5477-997e-42f4-9502-b6e82ad7ae0e/gpub/a70847fc2c6e6057/script.js]
[gallifreycraft.space/partners.html]
[img1.wsimg.com/blobby/go/997f5477-997e-42f4-9502-b6e82ad7ae0e/gpub/7472ab27f98e2c35/script.js]
[img1.wsimg.com/blobby/go/997f5477-997e-42f4-9502-b6e82ad7ae0e/gpub/df6999dcb22a988/script.js]
[img1.wsimg.com/ceph-p3-01/website-builder-data-prod/static/widgets/UX.4.43.0.js]
